// Jest Snapshot v1, https://goo.gl/fbAQLP

exports[`Auth Rendering Should match to snapshot 1`] = `ShallowWrapper {}`;
