// Jest Snapshot v1, https://goo.gl/fbAQLP

exports[`Register Rendering Should match to snapshot 1`] = `ShallowWrapper {}`;
